2026-09-20 18:25:44.493: [INFO] CurrentProfilePath: D:\Programacion\LP2\LPII_Sesión_04 - Rec\.metadata\.plugins\org.eclipse.swt\EBWebView\Default
2026-09-20 18:25:44.493: [INFO] Profiles total count: 1
2026-09-20 18:25:44.493: [INFO] Profile: name=Perfil 1 path=D:\Programacion\LP2\LPII_Sesión_04 - Rec\.metadata\.plugins\org.eclipse.swt\EBWebView\Default lastActive=null
2026-09-20 18:25:44.493: [INFO] LastUsedProfileDir: D:\Programacion\LP2\LPII_Sesión_04 - Rec\.metadata\.plugins\org.eclipse.swt\EBWebView\Default
2026-09-20 18:25:44.493: [INFO] OnDoneLoading sync enabled: 0
2026-09-20 18:25:44.493: [INFO] BookmarkModelLoaded, ids_reassigned: 0
2026-09-20 18:25:44.493: [INFO] BookmarksLoadDropped droppedNodes=0
2026-09-20 18:25:44.493: [INFO] BookmarksSnapshot Startup total=0 bar=0 other=0 mobile=0 showBar=0 showBarNTP=1
2026-09-20 18:27:01.681: [INFO] BookmarksSnapshot Shutdown total=0 bar=0 other=0 mobile=0 showBar=0 showBarNTP=1
2026-09-20 18:28:02.500: [INFO] CurrentProfilePath: D:\Programacion\LP2\LPII_Sesión_04 - Rec\.metadata\.plugins\org.eclipse.swt\EBWebView\Default
2026-09-20 18:28:02.500: [INFO] Profiles total count: 1
2026-09-20 18:28:02.500: [INFO] Profile: name=Perfil 1 path=D:\Programacion\LP2\LPII_Sesión_04 - Rec\.metadata\.plugins\org.eclipse.swt\EBWebView\Default lastActive=2026-09-20T18:27:00.609Z
2026-09-20 18:28:02.500: [INFO] LastUsedProfileDir: D:\Programacion\LP2\LPII_Sesión_04 - Rec\.metadata\.plugins\org.eclipse.swt\EBWebView\Default
2026-09-20 18:28:02.501: [INFO] MostRecentlyActiveProfile: name=Perfil 1 path=D:\Programacion\LP2\LPII_Sesión_04 - Rec\.metadata\.plugins\org.eclipse.swt\EBWebView\Default lastActive=2026-09-20T18:27:00.609Z
2026-09-20 18:28:02.501: [INFO] OnDoneLoading sync enabled: 0
2026-09-20 18:28:02.501: [INFO] BookmarkModelLoaded, ids_reassigned: 0
2026-09-20 18:28:02.501: [INFO] BookmarksLoadDropped droppedNodes=0
2026-09-20 18:28:02.501: [INFO] BookmarksSnapshot Startup total=0 bar=0 other=0 mobile=0 showBar=0 showBarNTP=1
2026-09-20 18:32:03.637: [INFO] BookmarksSnapshot Shutdown total=0 bar=0 other=0 mobile=0 showBar=0 showBarNTP=1
2026-09-20 18:47:22.748: [INFO] CurrentProfilePath: D:\Programacion\LP2\LPII_Sesión_04 - Rec\.metadata\.plugins\org.eclipse.swt\EBWebView\Default
2026-09-20 18:47:22.748: [INFO] Profiles total count: 1
2026-09-20 18:47:22.748: [INFO] Profile: name=Perfil 1 path=D:\Programacion\LP2\LPII_Sesión_04 - Rec\.metadata\.plugins\org.eclipse.swt\EBWebView\Default lastActive=2026-09-20T18:32:01.949Z
2026-09-20 18:47:22.748: [INFO] LastUsedProfileDir: D:\Programacion\LP2\LPII_Sesión_04 - Rec\.metadata\.plugins\org.eclipse.swt\EBWebView\Default
2026-09-20 18:47:22.748: [INFO] MostRecentlyActiveProfile: name=Perfil 1 path=D:\Programacion\LP2\LPII_Sesión_04 - Rec\.metadata\.plugins\org.eclipse.swt\EBWebView\Default lastActive=2026-09-20T18:32:01.949Z
2026-09-20 18:47:22.748: [INFO] OnDoneLoading sync enabled: 0
2026-09-20 18:47:22.748: [INFO] BookmarkModelLoaded, ids_reassigned: 0
2026-09-20 18:47:22.748: [INFO] BookmarksLoadDropped droppedNodes=0
2026-09-20 18:47:22.749: [INFO] BookmarksSnapshot Startup total=0 bar=0 other=0 mobile=0 showBar=0 showBarNTP=1
2026-09-20 18:48:41.377: [INFO] BookmarksSnapshot Shutdown total=0 bar=0 other=0 mobile=0 showBar=0 showBarNTP=1
2026-09-20 18:56:12.303: [INFO] CurrentProfilePath: D:\Programacion\LP2\LPII_Sesión_04 - Rec\.metadata\.plugins\org.eclipse.swt\EBWebView\Default
2026-09-20 18:56:12.303: [INFO] Profiles total count: 1
2026-09-20 18:56:12.303: [INFO] Profile: name=Perfil 1 path=D:\Programacion\LP2\LPII_Sesión_04 - Rec\.metadata\.plugins\org.eclipse.swt\EBWebView\Default lastActive=2026-09-20T18:32:01.949Z
2026-09-20 18:56:12.303: [INFO] LastUsedProfileDir: D:\Programacion\LP2\LPII_Sesión_04 - Rec\.metadata\.plugins\org.eclipse.swt\EBWebView\Default
2026-09-20 18:56:12.303: [INFO] MostRecentlyActiveProfile: name=Perfil 1 path=D:\Programacion\LP2\LPII_Sesión_04 - Rec\.metadata\.plugins\org.eclipse.swt\EBWebView\Default lastActive=2026-09-20T18:32:01.949Z
2026-09-20 18:56:12.303: [INFO] OnDoneLoading sync enabled: 0
2026-09-20 18:56:12.303: [INFO] BookmarkModelLoaded, ids_reassigned: 0
2026-09-20 18:56:12.303: [INFO] BookmarksLoadDropped droppedNodes=0
2026-09-20 18:56:12.303: [INFO] BookmarksSnapshot Startup total=0 bar=0 other=0 mobile=0 showBar=0 showBarNTP=1
2026-09-20 19:17:32.686: [INFO] BookmarksSnapshot Shutdown total=0 bar=0 other=0 mobile=0 showBar=0 showBarNTP=1
2026-09-20 19:29:32.157: [INFO] CurrentProfilePath: D:\Programacion\LP2\LPII_Sesión_04 - Rec\.metadata\.plugins\org.eclipse.swt\EBWebView\Default
2026-09-20 19:29:32.157: [INFO] Profiles total count: 1
2026-09-20 19:29:32.158: [INFO] Profile: name=Perfil 1 path=D:\Programacion\LP2\LPII_Sesión_04 - Rec\.metadata\.plugins\org.eclipse.swt\EBWebView\Default lastActive=2026-09-20T19:17:29.645Z
2026-09-20 19:29:32.158: [INFO] LastUsedProfileDir: D:\Programacion\LP2\LPII_Sesión_04 - Rec\.metadata\.plugins\org.eclipse.swt\EBWebView\Default
2026-09-20 19:29:32.158: [INFO] MostRecentlyActiveProfile: name=Perfil 1 path=D:\Programacion\LP2\LPII_Sesión_04 - Rec\.metadata\.plugins\org.eclipse.swt\EBWebView\Default lastActive=2026-09-20T19:17:29.645Z
2026-09-20 19:29:32.158: [INFO] OnDoneLoading sync enabled: 0
2026-09-20 19:29:32.158: [INFO] BookmarkModelLoaded, ids_reassigned: 0
2026-09-20 19:29:32.158: [INFO] BookmarksLoadDropped droppedNodes=0
2026-09-20 19:29:32.158: [INFO] BookmarksSnapshot Startup total=0 bar=0 other=0 mobile=0 showBar=0 showBarNTP=1
2026-09-20 21:44:45.239: [INFO] BookmarksSnapshot Shutdown total=0 bar=0 other=0 mobile=0 showBar=0 showBarNTP=1
2026-09-20 21:45:31.797: [INFO] CurrentProfilePath: D:\Programacion\LP2\LPII_Sesión_04 - Rec\.metadata\.plugins\org.eclipse.swt\EBWebView\Default
2026-09-20 21:45:31.797: [INFO] Profiles total count: 1
2026-09-20 21:45:31.798: [INFO] Profile: name=Perfil 1 path=D:\Programacion\LP2\LPII_Sesión_04 - Rec\.metadata\.plugins\org.eclipse.swt\EBWebView\Default lastActive=2026-09-20T19:17:29.645Z
2026-09-20 21:45:31.798: [INFO] LastUsedProfileDir: D:\Programacion\LP2\LPII_Sesión_04 - Rec\.metadata\.plugins\org.eclipse.swt\EBWebView\Default
2026-09-20 21:45:31.798: [INFO] MostRecentlyActiveProfile: name=Perfil 1 path=D:\Programacion\LP2\LPII_Sesión_04 - Rec\.metadata\.plugins\org.eclipse.swt\EBWebView\Default lastActive=2026-09-20T19:17:29.645Z
2026-09-20 21:45:31.798: [INFO] OnDoneLoading sync enabled: 0
2026-09-20 21:45:31.798: [INFO] BookmarkModelLoaded, ids_reassigned: 0
2026-09-20 21:45:31.798: [INFO] BookmarksLoadDropped droppedNodes=0
2026-09-20 21:45:31.798: [INFO] BookmarksSnapshot Startup total=0 bar=0 other=0 mobile=0 showBar=0 showBarNTP=1
2026-09-20 22:10:32.694: [INFO] BookmarksSnapshot Shutdown total=0 bar=0 other=0 mobile=0 showBar=0 showBarNTP=1
2026-09-20 22:11:29.785: [INFO] CurrentProfilePath: D:\Programacion\LP2\LPII_Sesión_04 - Rec\.metadata\.plugins\org.eclipse.swt\EBWebView\Default
2026-09-20 22:11:29.785: [INFO] Profiles total count: 1
2026-09-20 22:11:29.785: [INFO] Profile: name=Perfil 1 path=D:\Programacion\LP2\LPII_Sesión_04 - Rec\.metadata\.plugins\org.eclipse.swt\EBWebView\Default lastActive=2026-09-20T19:17:29.645Z
2026-09-20 22:11:29.785: [INFO] LastUsedProfileDir: D:\Programacion\LP2\LPII_Sesión_04 - Rec\.metadata\.plugins\org.eclipse.swt\EBWebView\Default
2026-09-20 22:11:29.785: [INFO] MostRecentlyActiveProfile: name=Perfil 1 path=D:\Programacion\LP2\LPII_Sesión_04 - Rec\.metadata\.plugins\org.eclipse.swt\EBWebView\Default lastActive=2026-09-20T19:17:29.645Z
2026-09-20 22:11:29.785: [INFO] OnDoneLoading sync enabled: 0
2026-09-20 22:11:29.785: [INFO] BookmarkModelLoaded, ids_reassigned: 0
2026-09-20 22:11:29.785: [INFO] BookmarksLoadDropped droppedNodes=0
2026-09-20 22:11:29.785: [INFO] BookmarksSnapshot Startup total=0 bar=0 other=0 mobile=0 showBar=0 showBarNTP=1
2026-09-20 22:13:26.012: [INFO] BookmarksSnapshot Shutdown total=0 bar=0 other=0 mobile=0 showBar=0 showBarNTP=1
2026-09-20 22:19:57.487: [INFO] CurrentProfilePath: D:\Programacion\LP2\LPII_Sesión_04 - Rec\.metadata\.plugins\org.eclipse.swt\EBWebView\Default
2026-09-20 22:19:57.487: [INFO] Profiles total count: 1
2026-09-20 22:19:57.487: [INFO] Profile: name=Perfil 1 path=D:\Programacion\LP2\LPII_Sesión_04 - Rec\.metadata\.plugins\org.eclipse.swt\EBWebView\Default lastActive=2026-09-20T22:13:24.302Z
2026-09-20 22:19:57.487: [INFO] LastUsedProfileDir: D:\Programacion\LP2\LPII_Sesión_04 - Rec\.metadata\.plugins\org.eclipse.swt\EBWebView\Default
2026-09-20 22:19:57.487: [INFO] MostRecentlyActiveProfile: name=Perfil 1 path=D:\Programacion\LP2\LPII_Sesión_04 - Rec\.metadata\.plugins\org.eclipse.swt\EBWebView\Default lastActive=2026-09-20T22:13:24.302Z
2026-09-20 22:19:57.488: [INFO] OnDoneLoading sync enabled: 0
2026-09-20 22:19:57.488: [INFO] BookmarkModelLoaded, ids_reassigned: 0
2026-09-20 22:19:57.488: [INFO] BookmarksLoadDropped droppedNodes=0
2026-09-20 22:19:57.488: [INFO] BookmarksSnapshot Startup total=0 bar=0 other=0 mobile=0 showBar=0 showBarNTP=1
2026-09-20 23:14:55.890: [INFO] BookmarksSnapshot Shutdown total=0 bar=0 other=0 mobile=0 showBar=0 showBarNTP=1
2026-09-20 23:16:46.869: [INFO] CurrentProfilePath: D:\Programacion\LP2\LPII_Sesión_04 - Rec\.metadata\.plugins\org.eclipse.swt\EBWebView\Default
2026-09-20 23:16:46.869: [INFO] Profiles total count: 1
2026-09-20 23:16:46.869: [INFO] Profile: name=Perfil 1 path=D:\Programacion\LP2\LPII_Sesión_04 - Rec\.metadata\.plugins\org.eclipse.swt\EBWebView\Default lastActive=2026-09-20T22:13:24.302Z
2026-09-20 23:16:46.869: [INFO] LastUsedProfileDir: D:\Programacion\LP2\LPII_Sesión_04 - Rec\.metadata\.plugins\org.eclipse.swt\EBWebView\Default
2026-09-20 23:16:46.869: [INFO] MostRecentlyActiveProfile: name=Perfil 1 path=D:\Programacion\LP2\LPII_Sesión_04 - Rec\.metadata\.plugins\org.eclipse.swt\EBWebView\Default lastActive=2026-09-20T22:13:24.302Z
2026-09-20 23:16:46.869: [INFO] OnDoneLoading sync enabled: 0
2026-09-20 23:16:46.869: [INFO] BookmarkModelLoaded, ids_reassigned: 0
2026-09-20 23:16:46.869: [INFO] BookmarksLoadDropped droppedNodes=0
2026-09-20 23:16:46.869: [INFO] BookmarksSnapshot Startup total=0 bar=0 other=0 mobile=0 showBar=0 showBarNTP=1
2026-09-20 23:16:48.927: [INFO] BookmarksSnapshot Shutdown total=0 bar=0 other=0 mobile=0 showBar=0 showBarNTP=1
